{
  "stdout": [
    "Docs were generated successfully"
  ],
  "exitCode": 0
}
